[editor.mix-ar.ru/editorad69.html]
[backblue.gif]
[fade.gif]
[index.html]
[editor.mix-ar.ru/assets/images/favicon.ico]
[mc.yandex.ru/metrika/tag.js]
[editor.mix-ar.ru/assets/js/jquery.min.js]
[editor.mix-ar.ru/assets/js/layout.js]
[editor.mix-ar.ru/assets/js/cookies.js]
[editor.mix-ar.ru/assets/images/brands/github.png]
[editor.mix-ar.ru/assets/images/brands/bitbucket.png]
[editor.mix-ar.ru/assets/images/brands/dribbble.png]
[editor.mix-ar.ru/assets/images/brands/dropbox.png]
[editor.mix-ar.ru/assets/images/brands/mail_chimp.png]
[editor.mix-ar.ru/assets/images/brands/slack.png]
[editor.mix-ar.ru/assets/images/products/img-1.png]
[editor.mix-ar.ru/assets/images/products/img-2.png]
[editor.mix-ar.ru/assets/images/products/img-3.png]
[editor.mix-ar.ru/assets/images/products/img-6.png]
[editor.mix-ar.ru/assets/images/products/img-5.png]
[editor.mix-ar.ru/assets/images/users/avatar-2.jpg]
[editor.mix-ar.ru/assets/images/users/avatar-8.jpg]
[editor.mix-ar.ru/assets/images/users/avatar-3.jpg]
[editor.mix-ar.ru/assets/images/users/avatar-6.jpg]
[editor.mix-ar.ru/main.html]
[editor.mix-ar.ru/assets/images/logo.png]
[editor.mix-ar.ru/assets/images/logo-dark.png]
[editor.mix-ar.ru/assets/images/logo-light.png]
[editor.mix-ar.ru/signup.html]
[editor.mix-ar.ru/assets/images/logo_dark.png]
[editor.mix-ar.ru/assets/images/users/user-dummy-img.jpg]
[editor.mix-ar.ru/assets/images/library/Helicopter.png]
[editor.mix-ar.ru/assets/images/library/Hot air balloon.png]
[editor.mix-ar.ru/assets/images/library/Human figure.png]
[editor.mix-ar.ru/assets/images/library/Large boat.png]
[editor.mix-ar.ru/assets/images/library/Long train.png]
[editor.mix-ar.ru/assets/images/library/Truck.png]
[editor.mix-ar.ru/assets/images/library/Dining chair.png]
[editor.mix-ar.ru/assets/images/library/Dining table.png]
[editor.mix-ar.ru/assets/images/library/Open book.png]
[editor.mix-ar.ru/assets/images/library/Laptop.png]
[editor.mix-ar.ru/assets/images/library/Wall TV.png]
[editor.mix-ar.ru/assets/images/library/Succulent.png]
[editor.mix-ar.ru/assets/images/library/Amelie.png]
[editor.mix-ar.ru/assets/images/library/Bot.png]
[editor.mix-ar.ru/assets/images/library/Malik.png]
[editor.mix-ar.ru/assets/images/library/Triceratops.png]
[editor.mix-ar.ru/assets/images/library/Tyrannosa.png]
[editor.mix-ar.ru/assets/images/library/Velociraptor.png]
[editor.mix-ar.ru/assets/images/library/Bouquet of roses.png]
[editor.mix-ar.ru/assets/images/library/Palm tree.png]
[editor.mix-ar.ru/assets/images/library/Tulips in vase.png]
[editor.mix-ar.ru/assets/images/library/Solid cube.png]
[editor.mix-ar.ru/assets/images/library/Sphere.png]
[editor.mix-ar.ru/assets/images/library/Flat cube.png]
[editor.mix-ar.ru/assets/images/library/Sound.png]
[editor.mix-ar.ru/assets/images/library/nature_preview.jpg]
[editor.mix-ar.ru/assets/images/library/nature_preview_img.jpg]
[editor.mix-ar.ru/assets/images/qr.png]
[editor.mix-ar.ru/assets/images/img-placeholder.jpg]
[editor.mix-ar.ru/assets/images/left-click.png]
[editor.mix-ar.ru/assets/images/left-click_dk.png]
[editor.mix-ar.ru/assets/images/right-click.png]
[editor.mix-ar.ru/assets/images/right-click_dk.png]
[editor.mix-ar.ru/assets/images/scroll.png]
[editor.mix-ar.ru/assets/images/scroll_dk.png]
[editor.mix-ar.ru/assets/images/tutorials/1.webp]
[editor.mix-ar.ru/assets/images/play-button.png]
[editor.mix-ar.ru/assets/images/play-button2.png]
[editor.mix-ar.ru/assets/images/tutorials/25e1f.webp]
[editor.mix-ar.ru/assets/images/tutorials/3.webp]
[editor.mix-ar.ru/assets/images/tutorials/5.webp]
[editor.mix-ar.ru/assets/images/tutorials/6.webp]
[editor.mix-ar.ru/assets/images/tutorials/7.webp]
[editor.mix-ar.ru/assets/images/tutorials/8.png]
[editor.mix-ar.ru/assets/libs/bootstrap/js/bootstrap.bundle.min.js]
[editor.mix-ar.ru/assets/libs/simplebar/simplebar.min.js]
[editor.mix-ar.ru/assets/libs/node-waves/waves.min.js]
[editor.mix-ar.ru/assets/libs/feather-icons/feather.min.js]
[editor.mix-ar.ru/assets/js/pages/plugins/lord-icon-2.1.0.js]
[editor.mix-ar.ru/assets/js/plugins.js]
[editor.mix-ar.ru/assets/libs/aos/aos.js]
[editor.mix-ar.ru/assets/libs/prismjs/prism.js]
[editor.mix-ar.ru/assets/js/pages/animation-aos.init.js]
[editor.mix-ar.ru/assets/libs/@simonwep/pickr/pickr.min.js]
[editor.mix-ar.ru/assets/libs/nouislider/nouislider.min.js]
[editor.mix-ar.ru/assets/libs/wnumb/wNumb.min.js]
[editor.mix-ar.ru/assets/js/pages/form-pickers.init.js]
[editor.mix-ar.ru/assets/libs/dropzone/dropzone-min.js]
[editor.mix-ar.ru/assets/libs/filepond/filepond.min.js]
[editor.mix-ar.ru/assets/libs/filepond-plugin-file-validate-type/filepond-plugin-file-validate-type.js]
[editor.mix-ar.ru/assets/libs/filepond-plugin-image-preview/filepond-plugin-image-preview.min.js]
[editor.mix-ar.ru/assets/libs/filepond-plugin-file-validate-size/filepond-plugin-file-validate-size.min.js]
[editor.mix-ar.ru/assets/libs/filepond-plugin-image-exif-orientation/filepond-plugin-image-exif-orientation.min.js]
[editor.mix-ar.ru/assets/libs/filepond-plugin-file-encode/filepond-plugin-file-encode.min.js]
[editor.mix-ar.ru/assets/js/pages/form-file-upload.init.js]
[editor.mix-ar.ru/assets/js/app.js]
[editor.mix-ar.ru/assets/js/auth.js]
[editor.mix-ar.ru/assets/js/theme.js]
[editor.mix-ar.ru/assets/js/html2canvas.min.js]
[editor.mix-ar.ru/assets/libs/shepherd.js/js/shepherd.min.js]
[editor.mix-ar.ru/assets/js/pages/tour.editor.js]
[editor.mix-ar.ru/assets/js/engine.js]
[editor.mix-ar.ru/assets/js/main.js]
[editor.mix-ar.ru/assets/js/lessons.js]
[editor.mix-ar.ru/editorad69.html]
[editor.mix-ar.ru/assets/libs/dropzone/dropzone.css]
[editor.mix-ar.ru/assets/libs/filepond/filepond.min.css]
[editor.mix-ar.ru/assets/libs/filepond-plugin-image-preview/filepond-plugin-image-preview.min.css]
[editor.mix-ar.ru/assets/libs/@simonwep/pickr/themes/classic.min.css]
[editor.mix-ar.ru/assets/libs/@simonwep/pickr/themes/monolith.min.css]
[editor.mix-ar.ru/assets/libs/@simonwep/pickr/themes/nano.min.css]
[editor.mix-ar.ru/assets/css/main.css]
[editor.mix-ar.ru/assets/css/lesson.css]
[editor.mix-ar.ru/assets/libs/nouislider/nouislider.min.css]
[editor.mix-ar.ru/assets/libs/aos/aos.css]
[editor.mix-ar.ru/assets/css/bootstrap.min.css]
[editor.mix-ar.ru/assets/fonts/materialdesignicons-webfont1d2d.eot]
[editor.mix-ar.ru/assets/fonts/materialdesignicons-webfontd41d.eot]
[editor.mix-ar.ru/assets/fonts/materialdesignicons-webfont1d2d.ttf]
[editor.mix-ar.ru/assets/fonts/boxicons.eot]
[editor.mix-ar.ru/assets/fonts/boxicons.ttf]
[editor.mix-ar.ru/assets/fonts/la-brands-400.eot]
[editor.mix-ar.ru/assets/fonts/la-brands-400d41d.eot]
[editor.mix-ar.ru/assets/fonts/la-brands-400.ttf]
[editor.mix-ar.ru/assets/fonts/la-regular-400.eot]
[editor.mix-ar.ru/assets/fonts/la-regular-400d41d.eot]
[editor.mix-ar.ru/assets/fonts/la-regular-400.ttf]
[editor.mix-ar.ru/assets/fonts/la-solid-900.eot]
[editor.mix-ar.ru/assets/fonts/la-solid-900d41d.eot]
[editor.mix-ar.ru/assets/fonts/la-solid-900.ttf]
[editor.mix-ar.ru/assets/fonts/remixicondf6d.eot]
[editor.mix-ar.ru/assets/fonts/remixicondf6d.woff]
[editor.mix-ar.ru/assets/fonts/remixicondf6d.ttf]
[editor.mix-ar.ru/assets/css/icons.min.css]
[editor.mix-ar.ru/assets/css/app.min.css]
[editor.mix-ar.ru/assets/css/custom.min.css]
[editor.mix-ar.ru/assets/css/editor.css]
[editor.mix-ar.ru/TemplateData/progress-bar-empty-dark.png]
[editor.mix-ar.ru/TemplateData/progress-bar-full-dark.png]
[editor.mix-ar.ru/TemplateData/webgl-logo.png]
[editor.mix-ar.ru/TemplateData/fullscreen-button.png]
[editor.mix-ar.ru/TemplateData/style.css]
[editor.mix-ar.ru/assets/libs/shepherd.js/css/shepherd.css]
[editor.mix-ar.ru/assets/images/flags/us.svg]
[editor.mix-ar.ru/assets/images/flags/spain.svg]
[editor.mix-ar.ru/assets/images/flags/germany.svg]
[editor.mix-ar.ru/assets/images/flags/italy.svg]
[editor.mix-ar.ru/assets/images/flags/russia.svg]
[editor.mix-ar.ru/assets/images/flags/china.svg]
[editor.mix-ar.ru/assets/images/flags/french.svg]
[editor.mix-ar.ru/apps-ecommerce-product-details.html]
[editor.mix-ar.ru/apps-ecommerce-checkout.html]
[editor.mix-ar.ru/assets/images/svg/bell.svg]
[editor.mix-ar.ru/assets/images/users/avatar-5.jpg]
[editor.mix-ar.ru/docs.html]
[editor.mix-ar.ru/assets/images/project-launch2.png]
[editor.mix-ar.ru/assets/images/projects/plane_h.jpg]
[editor.mix-ar.ru/assets/images/projects/plane_v.jpg]
[editor.mix-ar.ru/assets/images/projects/image.jpg]
[mix-ar.ru/web/editor/dev/assets/images/object_tracking.jpg]
[editor.mix-ar.ru/assets/images/projects/light.png]
[editor.mix-ar.ru/assets/images/projects/pro.png]
[editor.mix-ar.ru/assets/apk/MIXAR_Object_scanner.apk]
[editor.mix-ar.ru/assets/js/pages/project-list.init.js]
[editor.mix-ar.ru/editor5445.html]
[editor.mix-ar.ru/assets/images/object_tracking.jpg]
[editor.mix-ar.ru/main.html]
[editor.mix-ar.ru/dashboard-analytics.html]
[editor.mix-ar.ru/dashboard-crm.html]
[editor.mix-ar.ru/dashboard-crypto.html]
[editor.mix-ar.ru/dashboard-projects.html]
[editor.mix-ar.ru/apps-calendar.html]
[editor.mix-ar.ru/apps-chat.html]
[editor.mix-ar.ru/apps-mailbox.html]
[editor.mix-ar.ru/apps-ecommerce-products.html]
[editor.mix-ar.ru/apps-ecommerce-add-product.html]
[editor.mix-ar.ru/apps-ecommerce-orders.html]
[editor.mix-ar.ru/apps-ecommerce-order-details.html]
[editor.mix-ar.ru/apps-ecommerce-customers.html]
[editor.mix-ar.ru/apps-ecommerce-cart.html]
[editor.mix-ar.ru/apps-ecommerce-sellers.html]
[editor.mix-ar.ru/apps-ecommerce-seller-details.html]
[editor.mix-ar.ru/apps-projects-list.html]
[editor.mix-ar.ru/apps-projects-overview.html]
[editor.mix-ar.ru/apps-projects-create.html]
[editor.mix-ar.ru/apps-tasks-kanban.html]
[editor.mix-ar.ru/apps-tasks-list-view.html]
[editor.mix-ar.ru/apps-tasks-details.html]
[editor.mix-ar.ru/apps-crm-contacts.html]
[editor.mix-ar.ru/apps-crm-companies.html]
[editor.mix-ar.ru/apps-crm-deals.html]
[editor.mix-ar.ru/apps-crm-leads.html]
[editor.mix-ar.ru/apps-crypto-transactions.html]
[editor.mix-ar.ru/apps-crypto-buy-sell.html]
[editor.mix-ar.ru/apps-crypto-orders.html]
[editor.mix-ar.ru/apps-crypto-wallet.html]
[editor.mix-ar.ru/apps-crypto-ico.html]
[editor.mix-ar.ru/apps-crypto-kyc.html]
[editor.mix-ar.ru/apps-invoices-list.html]
[editor.mix-ar.ru/apps-invoices-details.html]
[editor.mix-ar.ru/apps-invoices-create.html]
[editor.mix-ar.ru/apps-tickets-list.html]
[editor.mix-ar.ru/apps-tickets-details.html]
[editor.mix-ar.ru/layouts-horizontal.html]
[editor.mix-ar.ru/layouts-detached.html]
[editor.mix-ar.ru/layouts-two-column.html]
[editor.mix-ar.ru/layouts-vertical-hovered.html]
[editor.mix-ar.ru/auth-signin-basic.html]
[editor.mix-ar.ru/auth-signin-cover.html]
[code.jquery.com/jquery-3.6.0.slim.min.js]
[thumb.tildacdn.com/tild3036-6466-4139-a539-326137376466/-/format/webp/Frame_539.jpg]
[editor.mix-ar.ru/assets/images/logo-l2.png]
[editor.mix-ar.ru/signin.html]
[editor.mix-ar.ru/assets/libs/particles.js/particles.js]
[editor.mix-ar.ru/assets/js/pages/particles.app.js]
[editor.mix-ar.ru/assets/js/pages/form-validation.init.js]
[editor.mix-ar.ru/server/signUp.json]
[editor.mix-ar.ru/success_registration.html]
[editor.mix-ar.ru/signup.html]
[editor.mix-ar.ru/auth-signup-cover.html]
[editor.mix-ar.ru/auth-pass-reset-basic.html]
[editor.mix-ar.ru/auth-pass-reset-cover.html]
[editor.mix-ar.ru/auth-lockscreen-basic.html]
[editor.mix-ar.ru/auth-lockscreen-cover.html]
[editor.mix-ar.ru/auth-logout-basic.html]
[editor.mix-ar.ru/auth-logout-cover.html]
[editor.mix-ar.ru/auth-success-msg-basic.html]
[editor.mix-ar.ru/auth-success-msg-cover.html]
[editor.mix-ar.ru/auth-twostep-basic.html]
[editor.mix-ar.ru/auth-twostep-cover.html]
[editor.mix-ar.ru/auth-404-basic.html]
[editor.mix-ar.ru/auth-404-cover.html]
[editor.mix-ar.ru/auth-404-alt.html]
[editor.mix-ar.ru/auth-500.html]
[editor.mix-ar.ru/pages-starter.html]
[editor.mix-ar.ru/pages-profile.html]
[editor.mix-ar.ru/pages-profile-settings.html]
[editor.mix-ar.ru/pages-team.html]
[editor.mix-ar.ru/pages-timeline.html]
[editor.mix-ar.ru/pages-faqs.html]
[editor.mix-ar.ru/pages-pricing.html]
[editor.mix-ar.ru/pages-gallery.html]
[editor.mix-ar.ru/pages-maintenance.html]
[editor.mix-ar.ru/pages-coming-soon.html]
[editor.mix-ar.ru/pages-sitemap.html]
[editor.mix-ar.ru/pages-search-results.html]
[editor.mix-ar.ru/landing.html]
[editor.mix-ar.ru/ui-alerts.html]
[editor.mix-ar.ru/ui-badges.html]
[editor.mix-ar.ru/ui-buttons.html]
[editor.mix-ar.ru/ui-colors.html]
[editor.mix-ar.ru/ui-cards.html]
[editor.mix-ar.ru/ui-carousel.html]
[editor.mix-ar.ru/ui-dropdowns.html]
[editor.mix-ar.ru/ui-grid.html]
[editor.mix-ar.ru/ui-images.html]
[editor.mix-ar.ru/ui-tabs.html]
[editor.mix-ar.ru/ui-accordions.html]
[editor.mix-ar.ru/ui-modals.html]
[editor.mix-ar.ru/ui-offcanvas.html]
[editor.mix-ar.ru/ui-placeholders.html]
[editor.mix-ar.ru/ui-progress.html]
[editor.mix-ar.ru/ui-notifications.html]
[editor.mix-ar.ru/ui-media.html]
[editor.mix-ar.ru/ui-embed-video.html]
[editor.mix-ar.ru/ui-typography.html]
[editor.mix-ar.ru/ui-lists.html]
[editor.mix-ar.ru/ui-general.html]
[editor.mix-ar.ru/ui-ribbons.html]
[editor.mix-ar.ru/ui-utilities.html]
[editor.mix-ar.ru/advance-ui-sweetalerts.html]
[editor.mix-ar.ru/advance-ui-nestable.html]
[editor.mix-ar.ru/advance-ui-scrollbar.html]
[editor.mix-ar.ru/advance-ui-animation.html]
[editor.mix-ar.ru/advance-ui-tour.html]
[editor.mix-ar.ru/advance-ui-swiper.html]
[editor.mix-ar.ru/advance-ui-ratings.html]
[editor.mix-ar.ru/advance-ui-highlight.html]
[editor.mix-ar.ru/advance-ui-scrollspy.html]
[editor.mix-ar.ru/widgets.html]
[editor.mix-ar.ru/forms-elements.html]
[editor.mix-ar.ru/forms-select.html]
[editor.mix-ar.ru/forms-checkboxs-radios.html]
[editor.mix-ar.ru/forms-pickers.html]
[editor.mix-ar.ru/forms-masks.html]
[editor.mix-ar.ru/forms-advanced.html]
[editor.mix-ar.ru/forms-range-sliders.html]
[editor.mix-ar.ru/forms-validation.html]
[editor.mix-ar.ru/forms-wizard.html]
[editor.mix-ar.ru/forms-editors.html]
[editor.mix-ar.ru/forms-file-uploads.html]
[editor.mix-ar.ru/forms-layouts.html]
[editor.mix-ar.ru/tables-basic.html]
[editor.mix-ar.ru/tables-gridjs.html]
[editor.mix-ar.ru/tables-listjs.html]
[editor.mix-ar.ru/charts-apex-line.html]
[editor.mix-ar.ru/charts-apex-area.html]
[editor.mix-ar.ru/charts-apex-column.html]
[editor.mix-ar.ru/charts-apex-bar.html]
[editor.mix-ar.ru/charts-apex-mixed.html]
[editor.mix-ar.ru/charts-apex-timeline.html]
[editor.mix-ar.ru/charts-apex-candlestick.html]
[editor.mix-ar.ru/charts-apex-boxplot.html]
[editor.mix-ar.ru/charts-apex-bubble.html]
[editor.mix-ar.ru/charts-apex-scatter.html]
[editor.mix-ar.ru/charts-apex-heatmap.html]
[editor.mix-ar.ru/charts-apex-treemap.html]
[editor.mix-ar.ru/charts-apex-pie.html]
[editor.mix-ar.ru/charts-apex-radialbar.html]
[editor.mix-ar.ru/charts-apex-radar.html]
[editor.mix-ar.ru/charts-apex-polar.html]
[editor.mix-ar.ru/charts-chartjs.html]
[editor.mix-ar.ru/charts-echarts.html]
[editor.mix-ar.ru/icons-remix.html]
[editor.mix-ar.ru/icons-boxicons.html]
[editor.mix-ar.ru/icons-materialdesign.html]
[editor.mix-ar.ru/icons-lineawesome.html]
[editor.mix-ar.ru/icons-feather.html]
[editor.mix-ar.ru/maps-google.html]
[editor.mix-ar.ru/maps-vector.html]
[editor.mix-ar.ru/maps-leaflet.html]
[editor.mix-ar.ru/assets/images/tutorials/4.html]
[editor.mix-ar.ru/assets/fonts/materialdesignicons-webfont1d2d.html]
[editor.mix-ar.ru/assets/fonts/materialdesignicons-webfont1d2d-2.html]
[editor.mix-ar.ru/assets/fonts/boxicons.html]
[editor.mix-ar.ru/assets/fonts/boxicons-2.html]
[editor.mix-ar.ru/assets/fonts/boxiconsd41d.svg]
[editor.mix-ar.ru/assets/fonts/la-brands-400.html]
[editor.mix-ar.ru/assets/fonts/la-brands-401.html]
[editor.mix-ar.ru/assets/fonts/la-brands-400.svg]
[editor.mix-ar.ru/assets/fonts/la-regular-400.html]
[editor.mix-ar.ru/assets/fonts/la-regular-401.html]
[editor.mix-ar.ru/assets/fonts/la-regular-402.html]
[editor.mix-ar.ru/assets/fonts/la-solid-900.html]
[editor.mix-ar.ru/assets/fonts/la-solid-901.html]
[editor.mix-ar.ru/assets/fonts/la-solid-900.svg]
[editor.mix-ar.ru/assets/fonts/remixicondf6d.html]
[editor.mix-ar.ru/assets/fonts/remixicondf6d.svg]
[ajax.googleapis.com/ajax/libs/jquery/3.5.1/jquery.min.js]
[unpkg.com/filepond@4.32.9/dist/filepond.min.css]
[unpkg.com/filepond-plugin-image-preview@4.6.12/dist/filepond-plugin-image-preview.min.css]
[editor.mix-ar.ru/docs/functions5e1f.pdf]
[editor.mix-ar.ru/docs/installation5e1f.pdf]
[editor.mix-ar.ru/docs/exploitation5e1f.pdf]
[unpkg.com/filepond-plugin-file-validate-type@1.2.9/dist/filepond-plugin-file-validate-type.js]
[editor.mix-ar.ru/docs.html]
[editor.mix-ar.ru/editor5445.html]
[editor.mix-ar.ru/auth_files/style.html]
[editor.mix-ar.ru/auth_files/button.html]
[editor.mix-ar.ru/server/signIn.json]
[editor.mix-ar.ru/signin.html]
[editor.mix-ar.ru/index.html]
[editor.mix-ar.ru/success_registration.html]
[unpkg.com/filepond@4.32.9/dist/filepond.min.css]
[unpkg.com/filepond-plugin-image-preview@4.6.12/dist/filepond-plugin-image-preview.min.css]
[editor.mix-ar.ru/assets/images/image.html]
[editor.mix-ar.ru/index.html]
